async with timeouts.timeout(timeout):
               ^^^^^^^^^^^^^^^^^^^^^^^^^
  File "/usr/local/lib/python3.12/asyncio/timeouts.py", line 115, in __aexit__
    raise TimeoutError from exc_val
TimeoutError
Task exception was never retrieved
future: <Task finished name='Task-1528' coro=<RecorderLogicalStorageAuthority.handle_request() done, defined at /app/catalog/federation/recorder_storage_relay.py:435> exception=TimeoutError()>
Traceback (most recent call last):
  File "/usr/local/lib/python3.12/asyncio/tasks.py", line 520, in wait_for
    return await fut
           ^^^^^^^^^
asyncio.exceptions.CancelledError

The above exception was the direct cause of the following exception:

Traceback (most recent call last):
  File "/app/catalog/federation/recorder_storage_relay.py", line 472, in handle_request
    response = await self._ingest_response(
               ^^^^^^^^^^^^^^^^^^^^^^^^^^^^
  File "/app/catalog/federation/shared_file_storage.py", line 386, in _ingest_response
    return await super()._ingest_response(
           ^^^^^^^^^^^^^^^^^^^^^^^^^^^^^^^
  File "/app/catalog/federation/recorder_storage_relay.py", line 549, in _ingest_response
    outcome = await self.logical_client.ingest_batch(
              ^^^^^^^^^^^^^^^^^^^^^^^^^^^^^^^^^^^^^^^
  File "/app/catalog/federation/phase_d_client.py", line 171, in ingest_batch
    return await self.ingest(placeholder)
           ^^^^^^^^^^^^^^^^^^^^^^^^^^^^^^
  File "/app/catalog/federation/phase_d_client.py", line 202, in ingest
    response = await self.transport.request(
               ^^^^^^^^^^^^^^^^^^^^^^^^^^^^^
  File "/app/catalog/federation/relay_storage.py", line 165, in request
    return await asyncio.wait_for(future, timeout=self.request_timeout)
           ^^^^^^^^^^^^^^^^^^^^^^^^^^^^^^^^^^^^^^^^^^^^^^^^^^^^^^^^^^^^
  File "/usr/local/lib/python3.12/asyncio/tasks.py", line 519, in wait_for
    async with timeouts.timeout(timeout):
               ^^^^^^^^^^^^^^^^^^^^^^^^^
  File "/usr/local/lib/python3.12/asyncio/timeouts.py", line 115, in __aexit__
    raise TimeoutError from exc_val
TimeoutError
