Image fcp-v1-73c779-nettking-flask Building
 Image fcp-v1-73c779-nettking-recorder Building
 Image fcp-v1-73c779-nettking-relay Building
#1 [internal] load local bake definitions
#1 reading from stdin 1.89kB 0.0s done
#1 DONE 0.0s

#2 [internal] booting buildkit
#2 starting container buildx_buildkit_fcp-build-d2a163948eb20562776a1d580
#2 starting container buildx_buildkit_fcp-build-d2a163948eb20562776a1d580 0.5s done
#2 DONE 0.5s

#3 [flask internal] load build definition from .__fcp_p01_intentionally_missing_Dockerfile__
#3 transferring dockerfile: 2B done
#3 DONE 0.0s

#4 [relay internal] load build definition from Dockerfile.cli
#4 transferring dockerfile: 1.31kB done
#4 DONE 0.0s

#5 [recorder internal] load build definition from Dockerfile
#5 transferring dockerfile: 1.39kB done
#5 DONE 0.0s

#6 [recorder internal] load metadata for docker.io/library/python:3.12.13-slim@sha256:57cd7c3a7a273101a6485ba99423ee568157882804b1124b4dd04266317710de
#6 DONE 0.1s
target flask: failed to run Build function: failed to read dockerfile: open .__fcp_p01_intentionally_missing_Dockerfile__: no such file or directory



View build details: docker-desktop://dashboard/build/fcp-build-D2A163948EB20562776A1D58/fcp-build-d2a163948eb20562776a1d580/zj7tqdjgrstnqcd4ojyn7k2uh
