Image fcp-v1-73c779-nettking-flask Building
 Image fcp-v1-73c779-nettking-recorder Building
 Image fcp-v1-73c779-nettking-relay Building
#1 [internal] load local bake definitions
#1 reading from stdin 1.89kB 0.1s done
#1 DONE 0.1s

#2 [internal] booting buildkit
#2 starting container buildx_buildkit_fcp-build-d2a163948eb20562776a1d580
#2 starting container buildx_buildkit_fcp-build-d2a163948eb20562776a1d580 0.7s done
#2 DONE 0.7s

#3 [flask internal] load build definition from .__fcp_p01_intentionally_missing_Dockerfile__
#3 transferring dockerfile: 2B done
#3 DONE 0.0s

#4 [recorder internal] load build definition from Dockerfile
#4 transferring dockerfile: 1.39kB 0.0s done
#4 DONE 0.0s

#5 [relay internal] load build definition from Dockerfile.cli
#5 transferring dockerfile: 1.31kB done
#5 DONE 0.0s

#6 [recorder internal] load metadata for docker.io/library/python:3.12.13-slim@sha256:57cd7c3a7a273101a6485ba99423ee568157882804b1124b4dd04266317710de
#6 DONE 0.1s
target flask: failed to solve: failed to read dockerfile: open .__fcp_p01_intentionally_missing_Dockerfile__: no such file or directory



View build details: docker-desktop://dashboard/build/fcp-build-D2A163948EB20562776A1D58/fcp-build-d2a163948eb20562776a1d580/muxaccoxb0i8gi74hoqffi5iw

<checkout>\scripts\windows\fcp_host_build.ps1 : FCP host build refused: core_imag
e_build_failed:1
At <checkout>\scripts\windows\fcp_host_build.ps1:791 char:44
+     Write-Error "FCP host build refused: $($_.Exception.Message)"
+                                            ~~~~~~~~~~~~~~~~~~~~
    + CategoryInfo          : NotSpecified: (:) [Write-Error], WriteErrorException
    + FullyQualifiedErrorId : Microsoft.PowerShell.Commands.WriteErrorException,fcp_host_build.ps1
