2026-09-12T15:18:17.5222247Z ================================== FAILURES ===================================
2026-09-12T15:18:17.5223081Z _____ test_live_reinstatement_restores_replica_and_acknowledgement_policy _____
2026-09-12T15:18:17.5223460Z 
2026-09-12T15:18:17.5223986Z tmp_path = WindowsPath('C:/fcp-qtmp/pytest-of-DESKTOP-AQG7NCC$/pytest-23/test_live_reinstatement_restor0')
2026-09-12T15:18:17.5224508Z 
2026-09-12T15:18:17.5226079Z     def test_live_reinstatement_restores_replica_and_acknowledgement_policy(
2026-09-12T15:18:17.5226709Z         tmp_path: Path,
2026-09-12T15:18:17.5227211Z     ) -> None:
2026-09-12T15:18:17.5227666Z         async def scenario() -> None:
2026-09-12T15:18:17.5228147Z             relay: RelayServer | None = None
2026-09-12T15:18:17.5228799Z             authority: RelayNodeClient | None = None
2026-09-12T15:18:17.5229600Z             authority_endpoint: RelayStorageEndpoint | None = None
2026-09-12T15:18:17.5230423Z             failover: StorageFailoverCoordinator | None = None
2026-09-12T15:18:17.5232279Z             former_primary: LiveStorageNodeAgent | None = None
2026-09-12T15:18:17.5234569Z             promoted: LiveStorageNodeAgent | None = None
2026-09-12T15:18:17.5236229Z             bootstrap_tasks: list[asyncio.Task[None]] = []
2026-09-12T15:18:17.5237165Z             try:
2026-09-12T15:18:17.5238482Z                 coordinator = SessionCoordinator(
2026-09-12T15:18:17.5240058Z                     tmp_path / "relay" / "control.sqlite3",
2026-09-12T15:18:17.5240672Z                     clock=lambda: NOW,
2026-09-12T15:18:17.5241075Z                 )
2026-09-12T15:18:17.5241601Z                 relay = RelayServer(
2026-09-12T15:18:17.5242096Z                     coordinator,
2026-09-12T15:18:17.5242589Z                     host="127.0.0.1",
2026-09-12T15:18:17.5243040Z                     port=0,
2026-09-12T15:18:17.5243617Z                     auth_timeout_seconds=TIMEOUT,
2026-09-12T15:18:17.5244263Z                     send_timeout_seconds=TIMEOUT,
2026-09-12T15:18:17.5244904Z                     heartbeat_timeout_seconds=300,
2026-09-12T15:18:17.5245523Z                     sweep_interval_seconds=300,
2026-09-12T15:18:17.5245948Z                 )
2026-09-12T15:18:17.5246356Z                 await relay.start()
2026-09-12T15:18:17.5246901Z                 authority = RelayNodeClient(
2026-09-12T15:18:17.5259137Z                     state_directory=tmp_path / "authority-node",
2026-09-12T15:18:17.5260046Z                     relay_url=relay.url,
2026-09-12T15:18:17.5261443Z                     display_name="Storage authority",
2026-09-12T15:18:17.5263295Z                     allow_insecure_local=True,
2026-09-12T15:18:17.5263788Z                     heartbeat_interval=300,
2026-09-12T15:18:17.5264288Z                     request_timeout=TIMEOUT,
2026-09-12T15:18:17.5264786Z                     clock=lambda: NOW,
2026-09-12T15:18:17.5265169Z                 )
2026-09-12T15:18:17.5265653Z                 await _enroll(relay, authority)
2026-09-12T15:18:17.5266669Z                 session = await authority.create_session("Physical federation F4.2")
2026-09-12T15:18:17.5267407Z                 session_id = str(session["session_id"])
2026-09-12T15:18:17.5267779Z     
2026-09-12T15:18:17.5268183Z                 former_config = _write_config(
2026-09-12T15:18:17.5268694Z                     tmp_path / "former-primary",
2026-09-12T15:18:17.5269848Z                     relay_url=relay.url,
2026-09-12T15:18:17.5270976Z                     session_id=session_id,
2026-09-12T15:18:17.5272846Z                     display_name="Former primary storage",
2026-09-12T15:18:17.5274228Z                     provider_id="provider-primary",
2026-09-12T15:18:17.5275116Z                 )
2026-09-12T15:18:17.5276115Z                 promoted_config = _write_config(
2026-09-12T15:18:17.5277559Z                     tmp_path / "promoted",
2026-09-12T15:18:17.5278648Z                     relay_url=relay.url,
2026-09-12T15:18:17.5279731Z                     session_id=session_id,
2026-09-12T15:18:17.5281027Z                     display_name="Promoted storage",
2026-09-12T15:18:17.5282374Z                     provider_id="provider-replica",
2026-09-12T15:18:17.5283212Z                 )
2026-09-12T15:18:17.5284624Z                 former_primary = LiveStorageNodeAgent(
2026-09-12T15:18:17.5285764Z                     former_config,
2026-09-12T15:18:17.5287229Z                     control_authority_node_id=authority.node_id,
2026-09-12T15:18:17.5288524Z                     control_sync_timeout=TIMEOUT,
2026-09-12T15:18:17.5289557Z                     clock=lambda: NOW,
2026-09-12T15:18:17.5290247Z                 )
2026-09-12T15:18:17.5291202Z                 promoted = LiveStorageNodeAgent(
2026-09-12T15:18:17.5292203Z                     promoted_config,
2026-09-12T15:18:17.5293482Z                     control_authority_node_id=authority.node_id,
2026-09-12T15:18:17.5294430Z                     control_sync_timeout=TIMEOUT,
2026-09-12T15:18:17.5295222Z                     clock=lambda: NOW,
2026-09-12T15:18:17.5295782Z                 )
2026-09-12T15:18:17.5296128Z     
2026-09-12T15:18:17.5297384Z                 control_path = tmp_path / "authority-storage-control.sqlite3"
2026-09-12T15:18:17.5298940Z                 control = PhaseDControlPlane(control_path)
2026-09-12T15:18:17.5300640Z                 control.create_group(session_id, authority.node_id, "storage-main")
2026-09-12T15:18:17.5301942Z                 control.register_provider(
2026-09-12T15:18:17.5302698Z                     session_id,
2026-09-12T15:18:17.5303143Z                     authority.node_id,
2026-09-12T15:18:17.5303702Z                     _registration(
2026-09-12T15:18:17.5304139Z                         session_id,
2026-09-12T15:18:17.5304679Z                         "provider-primary",
2026-09-12T15:18:17.5305222Z                         former_primary.node_id,
2026-09-12T15:18:17.5305621Z                     ),
2026-09-12T15:18:17.5305917Z                 )
2026-09-12T15:18:17.5306333Z                 control.register_provider(
2026-09-12T15:18:17.5306784Z                     session_id,
2026-09-12T15:18:17.5307223Z                     authority.node_id,
2026-09-12T15:18:17.5307703Z                     _registration(
2026-09-12T15:18:17.5308138Z                         session_id,
2026-09-12T15:18:17.5308631Z                         "provider-replica",
2026-09-12T15:18:17.5309853Z                         promoted.node_id,
2026-09-12T15:18:17.5310301Z                     ),
2026-09-12T15:18:17.5310627Z                 )
2026-09-12T15:18:17.5311400Z                 control.change_assignment(
2026-09-12T15:18:17.5311711Z                     session_id,
2026-09-12T15:18:17.5312365Z                     authority.node_id,
2026-09-12T15:18:17.5312849Z                     "storage-main",
2026-09-12T15:18:17.5313450Z                     "provider-primary",
2026-09-12T15:18:17.5313761Z                     ("provider-replica",),
2026-09-12T15:18:17.5314038Z                 )
2026-09-12T15:18:17.5314399Z                 control.set_acknowledgement_policy(
2026-09-12T15:18:17.5314718Z                     session_id,
2026-09-12T15:18:17.5315003Z                     "storage-main",
2026-09-12T15:18:17.5315353Z                     AcknowledgementMode.ONE_REPLICA,
2026-09-12T15:18:17.5315600Z                 )
2026-09-12T15:18:17.5315842Z                 control.grant_leader(
2026-09-12T15:18:17.5316099Z                     session_id,
2026-09-12T15:18:17.5316605Z                     authority.node_id,
2026-09-12T15:18:17.5316880Z                     "storage-main",
2026-09-12T15:18:17.5317147Z                     "provider-primary",
2026-09-12T15:18:17.5317549Z                     "grant-1",
2026-09-12T15:18:17.5318335Z                     1,
2026-09-12T15:18:17.5319053Z                     1,
2026-09-12T15:18:17.5320337Z                     lease_expires_at=NOW + timedelta(minutes=15),
2026-09-12T15:18:17.5321516Z                     occurred_at=NOW,
2026-09-12T15:18:17.5322392Z                 )
2026-09-12T15:18:17.5322933Z     
2026-09-12T15:18:17.5324129Z                 authority_endpoint = RelayStorageEndpoint(
2026-09-12T15:18:17.5325275Z                     authority,
2026-09-12T15:18:17.5327114Z                     request_timeout=TIMEOUT,
2026-09-12T15:18:17.5327628Z                 )
2026-09-12T15:18:17.5328020Z                 await authority_endpoint.start()
2026-09-12T15:18:17.5328456Z                 publication_store = StorageControlPublicationStore(
2026-09-12T15:18:17.5328922Z                     tmp_path / "authority-publications.sqlite3"
2026-09-12T15:18:17.5329192Z                 )
2026-09-12T15:18:17.5329584Z                 failover_store_path = tmp_path / "authority-failover.sqlite3"
2026-09-12T15:18:17.5332384Z                 failover_store = LiveFailoverStore(failover_store_path)
2026-09-12T15:18:17.5333653Z                 channel = StorageControlRelayChannel(
2026-09-12T15:18:17.5334721Z                     authority,
2026-09-12T15:18:17.5336720Z                     authority_endpoint,
2026-09-12T15:18:17.5337775Z                     timeout=TIMEOUT,
2026-09-12T15:18:17.5338583Z                 )
2026-09-12T15:18:17.5339892Z                 failover = StorageFailoverCoordinator(
2026-09-12T15:18:17.5341039Z                     session_coordinator=coordinator,
2026-09-12T15:18:17.5342553Z                     control_plane=control,
2026-09-12T15:18:17.5343597Z                     publication_store=publication_store,
2026-09-12T15:18:17.5344967Z                     credentials=authority.credentials,
2026-09-12T15:18:17.5346371Z                     channel=channel,
2026-09-12T15:18:17.5347390Z                     failover_store=failover_store,
2026-09-12T15:18:17.5347941Z                     session_id=session_id,
2026-09-12T15:18:17.5348434Z                     lease_seconds=300,
2026-09-12T15:18:17.5348918Z                     clock=lambda: NOW,
2026-09-12T15:18:17.5349298Z                 )
2026-09-12T15:18:17.5349710Z                 await failover.start()
2026-09-12T15:18:17.5350041Z     
2026-09-12T15:18:17.5350533Z                 former_bootstrap = asyncio.create_task(
2026-09-12T15:18:17.5351174Z                     former_primary.bootstrap(
2026-09-12T15:18:17.5351749Z                         enrollment_token=str(
2026-09-12T15:18:17.5352488Z                             coordinator.create_enrollment_token(
2026-09-12T15:18:17.5353244Z                                 ttl_seconds=60,
2026-09-12T15:18:17.5353826Z                                 max_uses=1,
2026-09-12T15:18:17.5354852Z                             )["token"]
2026-09-12T15:18:17.5355342Z                         ),
2026-09-12T15:18:17.5355885Z                         session_invitation=str(
2026-09-12T15:18:17.5356362Z                             (
2026-09-12T15:18:17.5357107Z                                 await authority.create_invitation(
2026-09-12T15:18:17.5357797Z                                     session_id,
2026-09-12T15:18:17.5358686Z                                     ttl_seconds=60,
2026-09-12T15:18:17.5359262Z                                     max_uses=1,
2026-09-12T15:18:17.5359564Z                                 )
2026-09-12T15:18:17.5359856Z                             )["token"]
2026-09-12T15:18:17.5360103Z                         ),
2026-09-12T15:18:17.5360310Z                     )
2026-09-12T15:18:17.5360497Z                 )
2026-09-12T15:18:17.5360819Z                 promoted_bootstrap = asyncio.create_task(
2026-09-12T15:18:17.5361451Z                     promoted.bootstrap(
2026-09-12T15:18:17.5361793Z                         enrollment_token=str(
2026-09-12T15:18:17.5362236Z                             coordinator.create_enrollment_token(
2026-09-12T15:18:17.5362622Z                                 ttl_seconds=60,
2026-09-12T15:18:17.5362945Z                                 max_uses=1,
2026-09-12T15:18:17.5363232Z                             )["token"]
2026-09-12T15:18:17.5363471Z                         ),
2026-09-12T15:18:17.5363771Z                         session_invitation=str(
2026-09-12T15:18:17.5364038Z                             (
2026-09-12T15:18:17.5364445Z                                 await authority.create_invitation(
2026-09-12T15:18:17.5364826Z                                     session_id,
2026-09-12T15:18:17.5365186Z                                     ttl_seconds=60,
2026-09-12T15:18:17.5365530Z                                     max_uses=1,
2026-09-12T15:18:17.5365802Z                                 )
2026-09-12T15:18:17.5366083Z                             )["token"]
2026-09-12T15:18:17.5366317Z                         ),
2026-09-12T15:18:17.5366637Z                     )
2026-09-12T15:18:17.5367921Z                 )
2026-09-12T15:18:17.5369488Z                 bootstrap_tasks.extend((former_bootstrap, promoted_bootstrap))
2026-09-12T15:18:17.5370203Z                 await asyncio.gather(
2026-09-12T15:18:17.5371122Z                     _wait_for_control_waiting(former_primary, former_bootstrap),
2026-09-12T15:18:17.5371967Z                     _wait_for_control_waiting(promoted, promoted_bootstrap),
2026-09-12T15:18:17.5372420Z                 )
2026-09-12T15:18:17.5372854Z                 await failover.publish_current(
2026-09-12T15:18:17.5373460Z                     (former_primary.node_id, promoted.node_id)
2026-09-12T15:18:17.5373855Z                 )
2026-09-12T15:18:17.5374393Z                 await asyncio.wait_for(former_bootstrap, TIMEOUT)
2026-09-12T15:18:17.5375080Z                 await asyncio.wait_for(promoted_bootstrap, TIMEOUT)
2026-09-12T15:18:17.5375470Z     
2026-09-12T15:18:17.5375985Z                 acknowledgements = DurableAcknowledgementStore(
2026-09-12T15:18:17.5376694Z                     tmp_path / "authority-acks.sqlite3"
2026-09-12T15:18:17.5377149Z                 )
2026-09-12T15:18:17.5377623Z                 logical = PhaseDLogicalStorageClient(
2026-09-12T15:18:17.5378122Z                     session_id=session_id,
2026-09-12T15:18:17.5378661Z                     actor_node_id=authority.node_id,
2026-09-12T15:18:17.5379159Z                     control_plane=control,
2026-09-12T15:18:17.5379686Z                     transport=authority_endpoint,
2026-09-12T15:18:17.5380254Z                     acknowledgements=acknowledgements,
2026-09-12T15:18:17.5380732Z                     clock=lambda: NOW,
2026-09-12T15:18:17.5381058Z                 )
2026-09-12T15:18:17.5381377Z                 contents = {
2026-09-12T15:18:17.5383067Z                     "batch-1": {"sequence": 1, "phase": "before-failover"},
2026-09-12T15:18:17.5383916Z                     "batch-2": {"sequence": 2, "phase": "after-failover"},
2026-09-12T15:18:17.5384625Z                     "batch-3": {"sequence": 3, "phase": "after-failover"},
2026-09-12T15:18:17.5385317Z                     "batch-4": {"sequence": 4, "phase": "admission-race"},
2026-09-12T15:18:17.5386069Z                     "batch-5": {"sequence": 5, "phase": "restored-redundancy"},
2026-09-12T15:18:17.5386504Z                 }
2026-09-12T15:18:17.5387051Z                 first = await logical.ingest_batch(
2026-09-12T15:18:17.5387540Z                     group_id="storage-main",
2026-09-12T15:18:17.5387997Z                     dataset_id="telemetry",
2026-09-12T15:18:17.5388446Z                     batch_id="batch-1",
2026-09-12T15:18:17.5388935Z                     idempotency_key="f42:batch-1",
2026-09-12T15:18:17.5389436Z                     content=contents["batch-1"],
2026-09-12T15:18:17.5390164Z                     created_at=NOW,
2026-09-12T15:18:17.5390503Z                 )
2026-09-12T15:18:17.5390952Z                 assert first.committed
2026-09-12T15:18:17.5391439Z                 old_node_id = former_primary.node_id
2026-09-12T15:18:17.5391930Z                 await former_primary.close()
2026-09-12T15:18:17.5392513Z                 promotion = await _wait_for_promotion(failover)
2026-09-12T15:18:17.5393215Z                 assert promotion.promoted_provider_id == "provider-replica"
2026-09-12T15:18:17.5393617Z     
2026-09-12T15:18:17.5394034Z                 for batch_id in ("batch-2", "batch-3"):
2026-09-12T15:18:17.5394602Z                     committed = await logical.ingest_batch(
2026-09-12T15:18:17.5395146Z                         group_id="storage-main",
2026-09-12T15:18:17.5395656Z                         dataset_id="telemetry",
2026-09-12T15:18:17.5396120Z                         batch_id=batch_id,
2026-09-12T15:18:17.5396666Z                         idempotency_key=f"f42:{batch_id}",
2026-09-12T15:18:17.5397336Z                         content=contents[batch_id],
2026-09-12T15:18:17.5397815Z                         created_at=NOW,
2026-09-12T15:18:17.5398603Z                     )
2026-09-12T15:18:17.5399067Z                     assert committed.committed
2026-09-12T15:18:17.5399371Z     
2026-09-12T15:18:17.5399771Z                 former_primary = LiveStorageNodeAgent(
2026-09-12T15:18:17.5400238Z                     former_config,
2026-09-12T15:18:17.5400879Z                     control_authority_node_id=authority.node_id,
2026-09-12T15:18:17.5401423Z                     control_sync_timeout=TIMEOUT,
2026-09-12T15:18:17.5401835Z                     clock=lambda: NOW,
2026-09-12T15:18:17.5402130Z                 )
2026-09-12T15:18:17.5402684Z                 await asyncio.wait_for(former_primary.bootstrap(), TIMEOUT)
2026-09-12T15:18:17.5403336Z                 assert former_primary.node_id == old_node_id
2026-09-12T15:18:17.5404361Z                 assert former_primary.status()["provider"]["groups"] == [
2026-09-12T15:18:17.5405863Z                     {"group_id": "storage-main", "role": "unassigned"}
2026-09-12T15:18:17.5407130Z                 ]
2026-09-12T15:18:17.5407905Z     
2026-09-12T15:18:17.5408943Z                 catchup_store = LiveCatchupStore(
2026-09-12T15:18:17.5410405Z                     tmp_path / "authority-catchup.sqlite3"
2026-09-12T15:18:17.5411323Z                 )
2026-09-12T15:18:17.5412540Z                 catchup = LiveFormerPrimaryCatchupCoordinator(
2026-09-12T15:18:17.5413985Z                     session_coordinator=coordinator,
2026-09-12T15:18:17.5415177Z                     control_plane=control,
2026-09-12T15:18:17.5416439Z                     failover_store=failover_store,
2026-09-12T15:18:17.5417705Z                     transport=authority_endpoint,
2026-09-12T15:18:17.5419033Z                     credentials=authority.credentials,
2026-09-12T15:18:17.5420296Z                     catchup_store=catchup_store,
2026-09-12T15:18:17.5422908Z                     session_id=session_id,
2026-09-12T15:18:17.5424419Z                     clock=lambda: NOW,
2026-09-12T15:18:17.5425235Z                 )
2026-09-12T15:18:17.5426269Z                 caught_up = await catchup.run_once(
2026-09-12T15:18:17.5427537Z                     group_id="storage-main",
2026-09-12T15:18:17.5428975Z                     returning_provider_id="provider-primary",
2026-09-12T15:18:17.5429912Z                 )
2026-09-12T15:18:17.5431292Z                 assert caught_up.status == "caught-up", caught_up.to_dict()
2026-09-12T15:18:17.5432328Z     
2026-09-12T15:18:17.5433774Z                 reinstatement = LiveFormerPrimaryReinstatementCoordinator(
2026-09-12T15:18:17.5435243Z                     control_plane=control,
2026-09-12T15:18:17.5436595Z                     publication_store=publication_store,
2026-09-12T15:18:17.5437945Z                     failover_store=failover_store,
2026-09-12T15:18:17.5439554Z                     catchup_store=catchup_store,
2026-09-12T15:18:17.5440623Z                     catchup=catchup,
2026-09-12T15:18:17.5441601Z                     channel=channel,
2026-09-12T15:18:17.5442852Z                     credentials=authority.credentials,
2026-09-12T15:18:17.5444135Z                     session_id=session_id,
2026-09-12T15:18:17.5445181Z                     clock=lambda: NOW,
2026-09-12T15:18:17.5456653Z                 )
2026-09-12T15:18:17.5457045Z     
2026-09-12T15:18:17.5457599Z                 original_publish = channel.publish
2026-09-12T15:18:17.5458018Z                 admission_write_injected = False
2026-09-12T15:18:17.5458260Z     
2026-09-12T15:18:17.5458719Z                 async def publish_with_admission_write(plan, target_node_ids):
2026-09-12T15:18:17.5459234Z                     nonlocal admission_write_injected
2026-09-12T15:18:17.5459588Z                     group = next(
2026-09-12T15:18:17.5459887Z                         item
2026-09-12T15:18:17.5460286Z                         for item in plan.groups
2026-09-12T15:18:17.5460772Z                         if item["group_id"] == "storage-main"
2026-09-12T15:18:17.5461080Z                     )
2026-09-12T15:18:17.5461318Z                     if (
2026-09-12T15:18:17.5461706Z                         not admission_write_injected
2026-09-12T15:18:17.5462441Z                         and "provider-primary" in group["replica_provider_ids"]
2026-09-12T15:18:17.5464223Z                         and group["acknowledgement_mode"] == "primary"
2026-09-12T15:18:17.5465207Z                     ):
2026-09-12T15:18:17.5466880Z                         # The coordinator assignment is committed, but the returning
2026-09-12T15:18:17.5468994Z                         # node has not applied it yet. A primary-only write may commit
2026-09-12T15:18:17.5470949Z                         # while that node still rejects normal replica traffic.
2026-09-12T15:18:17.5472831Z                         admission_write_injected = True
2026-09-12T15:18:17.5473942Z                         committed = await logical.ingest_batch(
2026-09-12T15:18:17.5475380Z                             group_id="storage-main",
2026-09-12T15:18:17.5476688Z                             dataset_id="telemetry",
2026-09-12T15:18:17.5477945Z                             batch_id="batch-4",
2026-09-12T15:18:17.5479361Z                             idempotency_key="f42:batch-4",
2026-09-12T15:18:17.5480800Z                             content=contents["batch-4"],
2026-09-12T15:18:17.5482003Z                             created_at=NOW,
2026-09-12T15:18:17.5484245Z                         )
2026-09-12T15:18:17.5486140Z                         assert committed.committed
2026-09-12T15:18:17.5489065Z                         admission_status = acknowledgements.status(
2026-09-12T15:18:17.5491055Z                             session_id, "storage-main", "batch-4"
2026-09-12T15:18:17.5492351Z                         )
2026-09-12T15:18:17.5494103Z                         assert admission_status is not None
2026-09-12T15:18:17.5497546Z                         assert admission_status.required_replica_acks == 0
2026-09-12T15:18:17.5499388Z                         assert admission_status.acknowledged_replica_ids == ()
2026-09-12T15:18:17.5500986Z                     return await original_publish(plan, target_node_ids)
2026-09-12T15:18:17.5501739Z     
2026-09-12T15:18:17.5502724Z                 channel.publish = publish_with_admission_write
2026-09-12T15:18:17.5504340Z                 first_reinstatement = await reinstatement.run_once(
2026-09-12T15:18:17.5505558Z                     group_id="storage-main",
2026-09-12T15:18:17.5506684Z                     returning_provider_id="provider-primary",
2026-09-12T15:18:17.5507431Z                 )
2026-09-12T15:18:17.5508183Z                 channel.publish = original_publish
2026-09-12T15:18:17.5509043Z                 assert admission_write_injected
2026-09-12T15:18:17.5510222Z                 assert first_reinstatement.status == "retryable", (
2026-09-12T15:18:17.5512259Z                     first_reinstatement.to_dict()
2026-09-12T15:18:17.5512910Z                 )
2026-09-12T15:18:17.5513437Z                 assert (
2026-09-12T15:18:17.5514261Z                     first_reinstatement.code
2026-09-12T15:18:17.5515441Z                     == "reinstatement-tail-catchup-required"
2026-09-12T15:18:17.5516126Z                 )
2026-09-12T15:18:17.5517322Z                 after_rollback = control.snapshot(session_id).groups["storage-main"]
2026-09-12T15:18:17.5518873Z                 assert after_rollback.primary_provider_id == "provider-replica"
2026-09-12T15:18:17.5520133Z                 assert after_rollback.replica_provider_ids == ()
2026-09-12T15:18:17.5521167Z                 assert control.acknowledgement_policy(
2026-09-12T15:18:17.5521973Z                     session_id,
2026-09-12T15:18:17.5522711Z                     "storage-main",
2026-09-12T15:18:17.5523539Z                 ).mode is AcknowledgementMode.PRIMARY
2026-09-12T15:18:17.5524693Z                 assert control.storage_degraded_state(
2026-09-12T15:18:17.5525464Z                     session_id,
2026-09-12T15:18:17.5526191Z                     "storage-main",
2026-09-12T15:18:17.5526967Z                 ) is not None
2026-09-12T15:18:17.5527942Z                 assert former_primary.status()["provider"]["groups"] == [
2026-09-12T15:18:17.5529179Z                     {"group_id": "storage-main", "role": "unassigned"}
2026-09-12T15:18:17.5529767Z                 ]
2026-09-12T15:18:17.5530043Z     
2026-09-12T15:18:17.5530912Z                 restarted = LiveFormerPrimaryReinstatementCoordinator(
2026-09-12T15:18:17.5532171Z                     control_plane=PhaseDControlPlane(control_path),
2026-09-12T15:18:17.5533848Z                     publication_store=StorageControlPublicationStore(
2026-09-12T15:18:17.5535563Z                         tmp_path / "authority-publications.sqlite3"
2026-09-12T15:18:17.5536545Z                     ),
2026-09-12T15:18:17.5537975Z                     failover_store=LiveFailoverStore(failover_store_path),
2026-09-12T15:18:17.5539397Z                     catchup_store=LiveCatchupStore(
2026-09-12T15:18:17.5540749Z                         tmp_path / "authority-catchup.sqlite3"
2026-09-12T15:18:17.5541664Z                     ),
2026-09-12T15:18:17.5542977Z                     catchup=LiveFormerPrimaryCatchupCoordinator(
2026-09-12T15:18:17.5544684Z                         session_coordinator=coordinator,
2026-09-12T15:18:17.5546444Z                         control_plane=PhaseDControlPlane(control_path),
2026-09-12T15:18:17.5548418Z                         failover_store=LiveFailoverStore(failover_store_path),
2026-09-12T15:18:17.5549976Z                         transport=authority_endpoint,
2026-09-12T15:18:17.5551424Z                         credentials=authority.credentials,
2026-09-12T15:18:17.5552865Z                         catchup_store=LiveCatchupStore(
2026-09-12T15:18:17.5554531Z                             tmp_path / "authority-catchup.sqlite3"
2026-09-12T15:18:17.5555933Z                         ),
2026-09-12T15:18:17.5557003Z                         session_id=session_id,
2026-09-12T15:18:17.5558179Z                         clock=lambda: NOW,
2026-09-12T15:18:17.5559025Z                     ),
2026-09-12T15:18:17.5559883Z                     channel=channel,
2026-09-12T15:18:17.5561057Z                     credentials=authority.credentials,
2026-09-12T15:18:17.5562229Z                     session_id=session_id,
2026-09-12T15:18:17.5563276Z                     clock=lambda: NOW,
2026-09-12T15:18:17.5564166Z                 )
2026-09-12T15:18:17.5565207Z                 completed = await restarted.run_once(
2026-09-12T15:18:17.5566407Z                     group_id="storage-main",
2026-09-12T15:18:17.5568312Z                     returning_provider_id="provider-primary",
2026-09-12T15:18:17.5569337Z                 )
2026-09-12T15:18:17.5572672Z                 assert completed.status == "completed", completed.to_dict()
2026-09-12T15:18:17.5574145Z                 assert completed.record is not None
2026-09-12T15:18:17.5575521Z                 assert completed.record.state == "completed"
2026-09-12T15:18:17.5577432Z                 assert completed.record.final_report_revision is not None
2026-09-12T15:18:17.5579124Z                 assert completed.record.final_report_hash is not None
2026-09-12T15:18:17.5580722Z                 assert completed.record.final_publication is not None
2026-09-12T15:18:17.5581584Z     
2026-09-12T15:18:17.5582644Z                 snapshot = control.snapshot(session_id)
2026-09-12T15:18:17.5584051Z                 assignment = snapshot.groups["storage-main"]
2026-09-12T15:18:17.5585729Z                 assert assignment.primary_provider_id == "provider-replica"
2026-09-12T15:18:17.5588362Z                 assert assignment.replica_provider_ids == ("provider-primary",)
2026-09-12T15:18:17.5590030Z                 grant = snapshot.leader_grants["storage-main"]
2026-09-12T15:18:17.5591847Z                 assert grant["provider_id"] == "provider-replica"
2026-09-12T15:18:17.5593494Z                 assert grant["term"] == promotion.term
2026-09-12T15:18:17.5595036Z                 assert grant["fencing_token"] == promotion.fencing_token
2026-09-12T15:18:17.5596486Z                 assert control.acknowledgement_policy(
2026-09-12T15:18:17.5597533Z                     session_id,
2026-09-12T15:18:17.5598501Z                     "storage-main",
2026-09-12T15:18:17.5599764Z                 ).mode is AcknowledgementMode.ONE_REPLICA
2026-09-12T15:18:17.5601104Z                 assert control.storage_degraded_state(
2026-09-12T15:18:17.5602214Z                     session_id,
2026-09-12T15:18:17.5603161Z                     "storage-main",
2026-09-12T15:18:17.5603991Z                 ) is None
2026-09-12T15:18:17.5605368Z                 assert former_primary.status()["provider"]["groups"] == [
2026-09-12T15:18:17.5607541Z                     {"group_id": "storage-main", "role": "replica"}
2026-09-12T15:18:17.5608190Z                 ]
2026-09-12T15:18:17.5608856Z                 assessment = control.latest_storage_replica_assessment(
2026-09-12T15:18:17.5610004Z                     session_id,
2026-09-12T15:18:17.5610922Z                     "storage-main",
2026-09-12T15:18:17.5611941Z                     "provider-primary",
2026-09-12T15:18:17.5612507Z                 )
2026-09-12T15:18:17.5613452Z                 assert assessment is not None
2026-09-12T15:18:17.5614558Z                 assert assessment.accepted
2026-09-12T15:18:17.5615670Z                 assert assessment.eligibility
2026-09-12T15:18:17.5616368Z     
2026-09-12T15:18:17.5617411Z                 final_write = await logical.ingest_batch(
2026-09-12T15:18:17.5618641Z                     group_id="storage-main",
2026-09-12T15:18:17.5619782Z                     dataset_id="telemetry",
2026-09-12T15:18:17.5620838Z                     batch_id="batch-5",
2026-09-12T15:18:17.5623416Z                     idempotency_key="f42:batch-5",
2026-09-12T15:18:17.5624740Z                     content=contents["batch-5"],
2026-09-12T15:18:17.5626112Z                     created_at=NOW,
2026-09-12T15:18:17.5626856Z                 )
2026-09-12T15:18:17.5627766Z                 assert final_write.committed
2026-09-12T15:18:17.5629033Z                 final_status = acknowledgements.status(
2026-09-12T15:18:17.5630425Z                     session_id, "storage-main", "batch-5"
2026-09-12T15:18:17.5631277Z                 )
2026-09-12T15:18:17.5632239Z                 assert final_status is not None
2026-09-12T15:18:17.5633208Z                 assert final_status.required_replica_acks == 1
2026-09-12T15:18:17.5634726Z                 assert final_status.acknowledged_replica_ids == (
2026-09-12T15:18:17.5636011Z                     "provider-primary",
2026-09-12T15:18:17.5636854Z                 )
2026-09-12T15:18:17.5637502Z                 for agent in (former_primary, promoted):
2026-09-12T15:18:17.5642631Z                     assert agent.provider.read(
2026-09-12T15:18:17.5643931Z                         session_id=session_id,
2026-09-12T15:18:17.5645201Z                         group_id="storage-main",
2026-09-12T15:18:17.5646365Z                         batch_id="batch-5",
2026-09-12T15:18:17.5647464Z                     ) == contents["batch-5"]
2026-09-12T15:18:17.5648987Z                     assert agent.storage.inbound_listener_ports == ()
2026-09-12T15:18:17.5649861Z     
2026-09-12T15:18:17.5650830Z                 replay = await restarted.run_once(
2026-09-12T15:18:17.5652039Z                     group_id="storage-main",
2026-09-12T15:18:17.5653434Z                     returning_provider_id="provider-primary",
2026-09-12T15:18:17.5654347Z                 )
2026-09-12T15:18:17.5655605Z                 assert replay.status == "completed", replay.to_dict()
2026-09-12T15:18:17.5657618Z                 assert replay.reinstatement_id == completed.reinstatement_id
2026-09-12T15:18:17.5658749Z             finally:
2026-09-12T15:18:17.5659744Z                 for task in bootstrap_tasks:
2026-09-12T15:18:17.5660825Z                     if not task.done():
2026-09-12T15:18:17.5661884Z                         task.cancel()
2026-09-12T15:18:17.5662853Z                 if bootstrap_tasks:
2026-09-12T15:18:17.5664835Z                     await asyncio.gather(*bootstrap_tasks, return_exceptions=True)
2026-09-12T15:18:17.5666577Z                 if former_primary is not None:
2026-09-12T15:18:17.5667848Z                     await former_primary.close()
2026-09-12T15:18:17.5668964Z                 if promoted is not None:
2026-09-12T15:18:17.5670100Z                     await promoted.close()
2026-09-12T15:18:17.5671413Z                 if failover is not None:
2026-09-12T15:18:17.5672550Z                     await failover.close()
2026-09-12T15:18:17.5673754Z                 elif authority_endpoint is not None:
2026-09-12T15:18:17.5675090Z                     await authority_endpoint.close()
2026-09-12T15:18:17.5676992Z                 if authority is not None and authority.connected_event.is_set():
2026-09-12T15:18:17.5678486Z                     await authority.disconnect()
2026-09-12T15:18:17.5679573Z                 if relay is not None:
2026-09-12T15:18:17.5680613Z                     await relay.stop()
2026-09-12T15:18:17.5681263Z     
2026-09-12T15:18:17.5681873Z >       asyncio.run(scenario())
2026-09-12T15:18:17.5682826Z 
2026-09-12T15:18:17.5683480Z catalog\node\tests\test_live_storage_reinstatement.py:495: 
2026-09-12T15:18:17.5685003Z _ _ _ _ _ _ _ _ _ _ _ _ _ _ _ _ _ _ _ _ _ _ _ _ _ _ _ _ _ _ _ _ _ _ _ _ _ _ _ _
2026-09-12T15:18:17.5685572Z ..\..\..\..\tools\python.3.12.10\tools\Lib\asyncio\runners.py:195: in run
2026-09-12T15:18:17.5685992Z     return runner.run(main)
2026-09-12T15:18:17.5686318Z            ^^^^^^^^^^^^^^^^
2026-09-12T15:18:17.5686804Z ..\..\..\..\tools\python.3.12.10\tools\Lib\asyncio\runners.py:118: in run
2026-09-12T15:18:17.5688504Z     return self._loop.run_until_complete(task)
2026-09-12T15:18:17.5689557Z            ^^^^^^^^^^^^^^^^^^^^^^^^^^^^^^^^^^^
2026-09-12T15:18:17.5690852Z ..\..\..\..\tools\python.3.12.10\tools\Lib\asyncio\base_events.py:691: in run_until_complete
2026-09-12T15:18:17.5692087Z     return future.result()
2026-09-12T15:18:17.5692849Z            ^^^^^^^^^^^^^^^
2026-09-12T15:18:17.5693714Z _ _ _ _ _ _ _ _ _ _ _ _ _ _ _ _ _ _ _ _ _ _ _ _ _ _ _ _ _ _ _ _ _ _ _ _ _ _ _ _
2026-09-12T15:18:17.5694423Z 
2026-09-12T15:18:17.5694933Z     async def scenario() -> None:
2026-09-12T15:18:17.5695492Z         relay: RelayServer | None = None
2026-09-12T15:18:17.5696706Z         authority: RelayNodeClient | None = None
2026-09-12T15:18:17.5698275Z         authority_endpoint: RelayStorageEndpoint | None = None
2026-09-12T15:18:17.5698966Z         failover: StorageFailoverCoordinator | None = None
2026-09-12T15:18:17.5700056Z         former_primary: LiveStorageNodeAgent | None = None
2026-09-12T15:18:17.5701860Z         promoted: LiveStorageNodeAgent | None = None
2026-09-12T15:18:17.5703160Z         bootstrap_tasks: list[asyncio.Task[None]] = []
2026-09-12T15:18:17.5704070Z         try:
2026-09-12T15:18:17.5705088Z             coordinator = SessionCoordinator(
2026-09-12T15:18:17.5706372Z                 tmp_path / "relay" / "control.sqlite3",
2026-09-12T15:18:17.5707431Z                 clock=lambda: NOW,
2026-09-12T15:18:17.5708140Z             )
2026-09-12T15:18:17.5708891Z             relay = RelayServer(
2026-09-12T15:18:17.5709777Z                 coordinator,
2026-09-12T15:18:17.5710662Z                 host="127.0.0.1",
2026-09-12T15:18:17.5711439Z                 port=0,
2026-09-12T15:18:17.5712735Z                 auth_timeout_seconds=TIMEOUT,
2026-09-12T15:18:17.5713411Z                 send_timeout_seconds=TIMEOUT,
2026-09-12T15:18:17.5713915Z                 heartbeat_timeout_seconds=300,
2026-09-12T15:18:17.5714391Z                 sweep_interval_seconds=300,
2026-09-12T15:18:17.5714740Z             )
2026-09-12T15:18:17.5715047Z             await relay.start()
2026-09-12T15:18:17.5715430Z             authority = RelayNodeClient(
2026-09-12T15:18:17.5715931Z                 state_directory=tmp_path / "authority-node",
2026-09-12T15:18:17.5716369Z                 relay_url=relay.url,
2026-09-12T15:18:17.5716833Z                 display_name="Storage authority",
2026-09-12T15:18:17.5717273Z                 allow_insecure_local=True,
2026-09-12T15:18:17.5717701Z                 heartbeat_interval=300,
2026-09-12T15:18:17.5718123Z                 request_timeout=TIMEOUT,
2026-09-12T15:18:17.5718522Z                 clock=lambda: NOW,
2026-09-12T15:18:17.5718819Z             )
2026-09-12T15:18:17.5719176Z             await _enroll(relay, authority)
2026-09-12T15:18:17.5719825Z             session = await authority.create_session("Physical federation F4.2")
2026-09-12T15:18:17.5720414Z             session_id = str(session["session_id"])
2026-09-12T15:18:17.5720782Z     
2026-09-12T15:18:17.5721126Z             former_config = _write_config(
2026-09-12T15:18:17.5721581Z                 tmp_path / "former-primary",
2026-09-12T15:18:17.5722024Z                 relay_url=relay.url,
2026-09-12T15:18:17.5722411Z                 session_id=session_id,
2026-09-12T15:18:17.5722941Z                 display_name="Former primary storage",
2026-09-12T15:18:17.5723464Z                 provider_id="provider-primary",
2026-09-12T15:18:17.5723836Z             )
2026-09-12T15:18:17.5724228Z             promoted_config = _write_config(
2026-09-12T15:18:17.5724718Z                 tmp_path / "promoted",
2026-09-12T15:18:17.5725172Z                 relay_url=relay.url,
2026-09-12T15:18:17.5725633Z                 session_id=session_id,
2026-09-12T15:18:17.5726124Z                 display_name="Promoted storage",
2026-09-12T15:18:17.5727291Z                 provider_id="provider-replica",
2026-09-12T15:18:17.5727722Z             )
2026-09-12T15:18:17.5728165Z             former_primary = LiveStorageNodeAgent(
2026-09-12T15:18:17.5738056Z                 former_config,
2026-09-12T15:18:17.5739683Z                 control_authority_node_id=authority.node_id,
2026-09-12T15:18:17.5740988Z                 control_sync_timeout=TIMEOUT,
2026-09-12T15:18:17.5742029Z                 clock=lambda: NOW,
2026-09-12T15:18:17.5742774Z             )
2026-09-12T15:18:17.5744137Z             promoted = LiveStorageNodeAgent(
2026-09-12T15:18:17.5744576Z                 promoted_config,
2026-09-12T15:18:17.5745296Z                 control_authority_node_id=authority.node_id,
2026-09-12T15:18:17.5745862Z                 control_sync_timeout=TIMEOUT,
2026-09-12T15:18:17.5746382Z                 clock=lambda: NOW,
2026-09-12T15:18:17.5746730Z             )
2026-09-12T15:18:17.5746959Z     
2026-09-12T15:18:17.5747523Z             control_path = tmp_path / "authority-storage-control.sqlite3"
2026-09-12T15:18:17.5748260Z             control = PhaseDControlPlane(control_path)
2026-09-12T15:18:17.5750058Z             control.create_group(session_id, authority.node_id, "storage-main")
2026-09-12T15:18:17.5750895Z             control.register_provider(
2026-09-12T15:18:17.5751260Z                 session_id,
2026-09-12T15:18:17.5752100Z                 authority.node_id,
2026-09-12T15:18:17.5752467Z                 _registration(
2026-09-12T15:18:17.5752935Z                     session_id,
2026-09-12T15:18:17.5753486Z                     "provider-primary",
2026-09-12T15:18:17.5753852Z                     former_primary.node_id,
2026-09-12T15:18:17.5754122Z                 ),
2026-09-12T15:18:17.5754407Z             )
2026-09-12T15:18:17.5754661Z             control.register_provider(
2026-09-12T15:18:17.5754924Z                 session_id,
2026-09-12T15:18:17.5755176Z                 authority.node_id,
2026-09-12T15:18:17.5755425Z                 _registration(
2026-09-12T15:18:17.5755664Z                     session_id,
2026-09-12T15:18:17.5755929Z                     "provider-replica",
2026-09-12T15:18:17.5756229Z                     promoted.node_id,
2026-09-12T15:18:17.5756504Z                 ),
2026-09-12T15:18:17.5756958Z             )
2026-09-12T15:18:17.5757765Z             control.change_assignment(
2026-09-12T15:18:17.5758712Z                 session_id,
2026-09-12T15:18:17.5759039Z                 authority.node_id,
2026-09-12T15:18:17.5759415Z                 "storage-main",
2026-09-12T15:18:17.5759813Z                 "provider-primary",
2026-09-12T15:18:17.5760212Z                 ("provider-replica",),
2026-09-12T15:18:17.5760733Z             )
2026-09-12T15:18:17.5761712Z             control.set_acknowledgement_policy(
2026-09-12T15:18:17.5762111Z                 session_id,
2026-09-12T15:18:17.5763055Z                 "storage-main",
2026-09-12T15:18:17.5764781Z                 AcknowledgementMode.ONE_REPLICA,
2026-09-12T15:18:17.5766271Z             )
2026-09-12T15:18:17.5767557Z             control.grant_leader(
2026-09-12T15:18:17.5768751Z                 session_id,
2026-09-12T15:18:17.5769173Z                 authority.node_id,
2026-09-12T15:18:17.5769582Z                 "storage-main",
2026-09-12T15:18:17.5770317Z                 "provider-primary",
2026-09-12T15:18:17.5770756Z                 "grant-1",
2026-09-12T15:18:17.5771053Z                 1,
2026-09-12T15:18:17.5771336Z                 1,
2026-09-12T15:18:17.5771839Z                 lease_expires_at=NOW + timedelta(minutes=15),
2026-09-12T15:18:17.5772428Z                 occurred_at=NOW,
2026-09-12T15:18:17.5772744Z             )
2026-09-12T15:18:17.5772946Z     
2026-09-12T15:18:17.5773372Z             authority_endpoint = RelayStorageEndpoint(
2026-09-12T15:18:17.5773804Z                 authority,
2026-09-12T15:18:17.5774195Z                 request_timeout=TIMEOUT,
2026-09-12T15:18:17.5775517Z             )
2026-09-12T15:18:17.5776487Z             await authority_endpoint.start()
2026-09-12T15:18:17.5778029Z             publication_store = StorageControlPublicationStore(
2026-09-12T15:18:17.5779434Z                 tmp_path / "authority-publications.sqlite3"
2026-09-12T15:18:17.5780348Z             )
2026-09-12T15:18:17.5781631Z             failover_store_path = tmp_path / "authority-failover.sqlite3"
2026-09-12T15:18:17.5783259Z             failover_store = LiveFailoverStore(failover_store_path)
2026-09-12T15:18:17.5784611Z             channel = StorageControlRelayChannel(
2026-09-12T15:18:17.5785581Z                 authority,
2026-09-12T15:18:17.5786478Z                 authority_endpoint,
2026-09-12T15:18:17.5787427Z                 timeout=TIMEOUT,
2026-09-12T15:18:17.5788124Z             )
2026-09-12T15:18:17.5789089Z             failover = StorageFailoverCoordinator(
2026-09-12T15:18:17.5790334Z                 session_coordinator=coordinator,
2026-09-12T15:18:17.5792060Z                 control_plane=control,
2026-09-12T15:18:17.5793873Z                 publication_store=publication_store,
2026-09-12T15:18:17.5795136Z                 credentials=authority.credentials,
2026-09-12T15:18:17.5797668Z                 channel=channel,
2026-09-12T15:18:17.5798790Z                 failover_store=failover_store,
2026-09-12T15:18:17.5799871Z                 session_id=session_id,
2026-09-12T15:18:17.5800873Z                 lease_seconds=300,
2026-09-12T15:18:17.5801836Z                 clock=lambda: NOW,
2026-09-12T15:18:17.5802612Z             )
2026-09-12T15:18:17.5803410Z             await failover.start()
2026-09-12T15:18:17.5804056Z     
2026-09-12T15:18:17.5805013Z             former_bootstrap = asyncio.create_task(
2026-09-12T15:18:17.5806163Z                 former_primary.bootstrap(
2026-09-12T15:18:17.5807277Z                     enrollment_token=str(
2026-09-12T15:18:17.5808380Z                         coordinator.create_enrollment_token(
2026-09-12T15:18:17.5809717Z                             ttl_seconds=60,
2026-09-12T15:18:17.5810792Z                             max_uses=1,
2026-09-12T15:18:17.5811819Z                         )["token"]
2026-09-12T15:18:17.5812576Z                     ),
2026-09-12T15:18:17.5813547Z                     session_invitation=str(
2026-09-12T15:18:17.5814423Z                         (
2026-09-12T15:18:17.5815778Z                             await authority.create_invitation(
2026-09-12T15:18:17.5817009Z                                 session_id,
2026-09-12T15:18:17.5818205Z                                 ttl_seconds=60,
2026-09-12T15:18:17.5819342Z                                 max_uses=1,
2026-09-12T15:18:17.5820241Z                             )
2026-09-12T15:18:17.5821134Z                         )["token"]
2026-09-12T15:18:17.5821963Z                     ),
2026-09-12T15:18:17.5822651Z                 )
2026-09-12T15:18:17.5823219Z             )
2026-09-12T15:18:17.5824199Z             promoted_bootstrap = asyncio.create_task(
2026-09-12T15:18:17.5825303Z                 promoted.bootstrap(
2026-09-12T15:18:17.5826370Z                     enrollment_token=str(
2026-09-12T15:18:17.5827805Z                         coordinator.create_enrollment_token(
2026-09-12T15:18:17.5829176Z                             ttl_seconds=60,
2026-09-12T15:18:17.5830269Z                             max_uses=1,
2026-09-12T15:18:17.5831235Z                         )["token"]
2026-09-12T15:18:17.5832022Z                     ),
2026-09-12T15:18:17.5833083Z                     session_invitation=str(
2026-09-12T15:18:17.5833945Z                         (
2026-09-12T15:18:17.5835319Z                             await authority.create_invitation(
2026-09-12T15:18:17.5836592Z                                 session_id,
2026-09-12T15:18:17.5837905Z                                 ttl_seconds=60,
2026-09-12T15:18:17.5839084Z                                 max_uses=1,
2026-09-12T15:18:17.5839986Z                             )
2026-09-12T15:18:17.5840889Z                         )["token"]
2026-09-12T15:18:17.5841648Z                     ),
2026-09-12T15:18:17.5842272Z                 )
2026-09-12T15:18:17.5842845Z             )
2026-09-12T15:18:17.5844673Z             bootstrap_tasks.extend((former_bootstrap, promoted_bootstrap))
2026-09-12T15:18:17.5845913Z             await asyncio.gather(
2026-09-12T15:18:17.5847062Z                 _wait_for_control_waiting(former_primary, former_bootstrap),
2026-09-12T15:18:17.5848563Z                 _wait_for_control_waiting(promoted, promoted_bootstrap),
2026-09-12T15:18:17.5849358Z             )
2026-09-12T15:18:17.5850212Z             await failover.publish_current(
2026-09-12T15:18:17.5851528Z                 (former_primary.node_id, promoted.node_id)
2026-09-12T15:18:17.5852372Z             )
2026-09-12T15:18:17.5853454Z             await asyncio.wait_for(former_bootstrap, TIMEOUT)
2026-09-12T15:18:17.5854901Z             await asyncio.wait_for(promoted_bootstrap, TIMEOUT)
2026-09-12T15:18:17.5855726Z     
2026-09-12T15:18:17.5856751Z             acknowledgements = DurableAcknowledgementStore(
2026-09-12T15:18:17.5858527Z                 tmp_path / "authority-acks.sqlite3"
2026-09-12T15:18:17.5859431Z             )
2026-09-12T15:18:17.5860423Z             logical = PhaseDLogicalStorageClient(
2026-09-12T15:18:17.5861640Z                 session_id=session_id,
2026-09-12T15:18:17.5862803Z                 actor_node_id=authority.node_id,
2026-09-12T15:18:17.5863942Z                 control_plane=control,
2026-09-12T15:18:17.5865116Z                 transport=authority_endpoint,
2026-09-12T15:18:17.5866447Z                 acknowledgements=acknowledgements,
2026-09-12T15:18:17.5866813Z                 clock=lambda: NOW,
2026-09-12T15:18:17.5867671Z             )
2026-09-12T15:18:17.5868362Z             contents = {
2026-09-12T15:18:17.5869112Z                 "batch-1": {"sequence": 1, "phase": "before-failover"},
2026-09-12T15:18:17.5870585Z                 "batch-2": {"sequence": 2, "phase": "after-failover"},
2026-09-12T15:18:17.5871858Z                 "batch-3": {"sequence": 3, "phase": "after-failover"},
2026-09-12T15:18:17.5873435Z                 "batch-4": {"sequence": 4, "phase": "admission-race"},
2026-09-12T15:18:17.5874394Z                 "batch-5": {"sequence": 5, "phase": "restored-redundancy"},
2026-09-12T15:18:17.5875369Z             }
2026-09-12T15:18:17.5876253Z             first = await logical.ingest_batch(
2026-09-12T15:18:17.5877352Z                 group_id="storage-main",
2026-09-12T15:18:17.5878359Z                 dataset_id="telemetry",
2026-09-12T15:18:17.5879321Z                 batch_id="batch-1",
2026-09-12T15:18:17.5880384Z                 idempotency_key="f42:batch-1",
2026-09-12T15:18:17.5881499Z                 content=contents["batch-1"],
2026-09-12T15:18:17.5882431Z                 created_at=NOW,
2026-09-12T15:18:17.5883104Z             )
2026-09-12T15:18:17.5883913Z             assert first.committed
2026-09-12T15:18:17.5884360Z             old_node_id = former_primary.node_id
2026-09-12T15:18:17.5884928Z             await former_primary.close()
2026-09-12T15:18:17.5885509Z             promotion = await _wait_for_promotion(failover)
2026-09-12T15:18:17.5887013Z             assert promotion.promoted_provider_id == "provider-replica"
2026-09-12T15:18:17.5887872Z     
2026-09-12T15:18:17.5888685Z             for batch_id in ("batch-2", "batch-3"):
2026-09-12T15:18:17.5890024Z                 committed = await logical.ingest_batch(
2026-09-12T15:18:17.5891277Z                     group_id="storage-main",
2026-09-12T15:18:17.5892410Z                     dataset_id="telemetry",
2026-09-12T15:18:17.5893587Z                     batch_id=batch_id,
2026-09-12T15:18:17.5894114Z                     idempotency_key=f"f42:{batch_id}",
2026-09-12T15:18:17.5895395Z                     content=contents[batch_id],
2026-09-12T15:18:17.5896791Z                     created_at=NOW,
2026-09-12T15:18:17.5897176Z                 )
2026-09-12T15:18:17.5897611Z                 assert committed.committed
2026-09-12T15:18:17.5897945Z     
2026-09-12T15:18:17.5898266Z             former_primary = LiveStorageNodeAgent(
2026-09-12T15:18:17.5898558Z                 former_config,
2026-09-12T15:18:17.5899099Z                 control_authority_node_id=authority.node_id,
2026-09-12T15:18:17.5899625Z                 control_sync_timeout=TIMEOUT,
2026-09-12T15:18:17.5899907Z                 clock=lambda: NOW,
2026-09-12T15:18:17.5900109Z             )
2026-09-12T15:18:17.5900634Z             await asyncio.wait_for(former_primary.bootstrap(), TIMEOUT)
2026-09-12T15:18:17.5901280Z             assert former_primary.node_id == old_node_id
2026-09-12T15:18:17.5901938Z             assert former_primary.status()["provider"]["groups"] == [
2026-09-12T15:18:17.5902695Z                 {"group_id": "storage-main", "role": "unassigned"}
2026-09-12T15:18:17.5903061Z             ]
2026-09-12T15:18:17.5903275Z     
2026-09-12T15:18:17.5903664Z             catchup_store = LiveCatchupStore(
2026-09-12T15:18:17.5904212Z                 tmp_path / "authority-catchup.sqlite3"
2026-09-12T15:18:17.5910104Z             )
2026-09-12T15:18:17.5910977Z             catchup = LiveFormerPrimaryCatchupCoordinator(
2026-09-12T15:18:17.5912325Z                 session_coordinator=coordinator,
2026-09-12T15:18:17.5913434Z                 control_plane=control,
2026-09-12T15:18:17.5914576Z                 failover_store=failover_store,
2026-09-12T15:18:17.5915731Z                 transport=authority_endpoint,
2026-09-12T15:18:17.5916921Z                 credentials=authority.credentials,
2026-09-12T15:18:17.5918070Z                 catchup_store=catchup_store,
2026-09-12T15:18:17.5919096Z                 session_id=session_id,
2026-09-12T15:18:17.5920058Z                 clock=lambda: NOW,
2026-09-12T15:18:17.5920758Z             )
2026-09-12T15:18:17.5921654Z             caught_up = await catchup.run_once(
2026-09-12T15:18:17.5922775Z                 group_id="storage-main",
2026-09-12T15:18:17.5924090Z                 returning_provider_id="provider-primary",
2026-09-12T15:18:17.5924953Z             )
2026-09-12T15:18:17.5925645Z             assert caught_up.status == "caught-up", caught_up.to_dict()
2026-09-12T15:18:17.5926269Z     
2026-09-12T15:18:17.5927664Z             reinstatement = LiveFormerPrimaryReinstatementCoordinator(
2026-09-12T15:18:17.5928603Z                 control_plane=control,
2026-09-12T15:18:17.5929764Z                 publication_store=publication_store,
2026-09-12T15:18:17.7373397Z                 failover_store=failover_store,
2026-09-12T15:18:17.7374068Z                 catchup_store=catchup_store,
2026-09-12T15:18:17.7374597Z                 catchup=catchup,
2026-09-12T15:18:17.7375052Z                 channel=channel,
2026-09-12T15:18:17.7375579Z                 credentials=authority.credentials,
2026-09-12T15:18:17.7376095Z                 session_id=session_id,
2026-09-12T15:18:17.7376549Z                 clock=lambda: NOW,
2026-09-12T15:18:17.7376890Z             )
2026-09-12T15:18:17.7377123Z     
2026-09-12T15:18:17.7378206Z             original_publish = channel.publish
2026-09-12T15:18:17.7380226Z             admission_write_injected = False
2026-09-12T15:18:17.7381560Z     
2026-09-12T15:18:17.7383728Z             async def publish_with_admission_write(plan, target_node_ids):
2026-09-12T15:18:17.7386338Z                 nonlocal admission_write_injected
2026-09-12T15:18:17.7388105Z                 group = next(
2026-09-12T15:18:17.7389509Z                     item
2026-09-12T15:18:17.7391240Z                     for item in plan.groups
2026-09-12T15:18:17.7393597Z                     if item["group_id"] == "storage-main"
2026-09-12T15:18:17.7395152Z                 )
2026-09-12T15:18:17.7396280Z                 if (
2026-09-12T15:18:17.7398334Z                     not admission_write_injected
2026-09-12T15:18:17.7401317Z                     and "provider-primary" in group["replica_provider_ids"]
2026-09-12T15:18:17.7404377Z                     and group["acknowledgement_mode"] == "primary"
2026-09-12T15:18:17.7406059Z                 ):
2026-09-12T15:18:17.7409189Z                     # The coordinator assignment is committed, but the returning
2026-09-12T15:18:17.7410817Z                     # node has not applied it yet. A primary-only write may commit
2026-09-12T15:18:17.7412103Z                     # while that node still rejects normal replica traffic.
2026-09-12T15:18:17.7413075Z                     admission_write_injected = True
2026-09-12T15:18:17.7414092Z                     committed = await logical.ingest_batch(
2026-09-12T15:18:17.7415014Z                         group_id="storage-main",
2026-09-12T15:18:17.7415756Z                         dataset_id="telemetry",
2026-09-12T15:18:17.7417172Z                         batch_id="batch-4",
2026-09-12T15:18:17.7418052Z                         idempotency_key="f42:batch-4",
2026-09-12T15:18:17.7418746Z                         content=contents["batch-4"],
2026-09-12T15:18:17.7419515Z                         created_at=NOW,
2026-09-12T15:18:17.7436256Z                     )
2026-09-12T15:18:17.7439671Z                     assert committed.committed
2026-09-12T15:18:17.7441203Z                     admission_status = acknowledgements.status(
2026-09-12T15:18:17.7442773Z                         session_id, "storage-main", "batch-4"
2026-09-12T15:18:17.7443705Z                     )
2026-09-12T15:18:17.7444832Z                     assert admission_status is not None
2026-09-12T15:18:17.7446400Z                     assert admission_status.required_replica_acks == 0
2026-09-12T15:18:17.7448162Z                     assert admission_status.acknowledged_replica_ids == ()
2026-09-12T15:18:17.7450118Z                 return await original_publish(plan, target_node_ids)
2026-09-12T15:18:17.7450962Z     
2026-09-12T15:18:17.7451976Z             channel.publish = publish_with_admission_write
2026-09-12T15:18:17.7453370Z             first_reinstatement = await reinstatement.run_once(
2026-09-12T15:18:17.7454601Z                 group_id="storage-main",
2026-09-12T15:18:17.7455880Z                 returning_provider_id="provider-primary",
2026-09-12T15:18:17.7456758Z             )
2026-09-12T15:18:17.7457660Z             channel.publish = original_publish
2026-09-12T15:18:17.7458741Z             assert admission_write_injected
2026-09-12T15:18:17.7460029Z             assert first_reinstatement.status == "retryable", (
2026-09-12T15:18:17.7461275Z                 first_reinstatement.to_dict()
2026-09-12T15:18:17.7462076Z             )
2026-09-12T15:18:17.7462620Z >           assert (
2026-09-12T15:18:17.7463522Z                 first_reinstatement.code
2026-09-12T15:18:17.7464790Z                 == "reinstatement-tail-catchup-required"
2026-09-12T15:18:17.7465651Z             )
2026-09-12T15:18:17.7466981Z E           AssertionError: assert 'live-reinstatement-retryable' == 'reinstatemen...chup-required'
2026-09-12T15:18:17.7468245Z E             
2026-09-12T15:18:17.7469171Z E             - reinstatement-tail-catchup-required
2026-09-12T15:18:17.7470148Z E             + live-reinstatement-retryable
2026-09-12T15:18:17.7470668Z 
2026-09-12T15:18:17.7471417Z catalog\node\tests\test_live_storage_reinstatement.py:361: AssertionError
2026-09-12T15:18:17.7472759Z =========================== short test summary info ===========================
2026-09-12T15:18:17.7476232Z FAILED catalog/node/tests/test_live_storage_reinstatement.py::test_live_reinstatement_restores_replica_and_acknowledgement_policy - AssertionError: assert 'live-reinstatement-retryable' == 'reinstatemen...chup-required'
2026-09-12T15:18:17.7478587Z   
2026-09-12T15:18:17.7479293Z   - reinstatement-tail-catchup-required
2026-09-12T15:18:17.7480208Z   + live-reinstatement-retryable
2026-09-12T15:18:17.7481137Z 1 failed, 380 passed, 1 skipped in 303.23s (0:05:03)
2026-09-12T15:18:18.0473669Z ##[error]Process completed with exit code 1.
2026-09-12T15:18:18.0849037Z Node 20 is being deprecated. This workflow is running with Node 24 by default. If you need to temporarily use Node 20, you can set the ACTIONS_ALLOW_USE_UNSECURE_NODE_VERSION=true environment variable. For more information see: https://github.blog/changelog/2025-09-19-deprecation-of-node-20-on-github-actions-runners/
2026-09-12T15:18:18.0852783Z Post job cleanup.
2026-09-12T15:18:18.2111623Z [command]"C:\Program Files\Git\bin\git.exe" version
2026-09-12T15:18:18.2545518Z git version 2.55.0.windows.3
2026-09-12T15:18:18.2617131Z Temporarily overriding HOME='C:\fcp-ci-AQG7NCC\runner\_work\_temp\928acd92-c2a0-413b-a842-8cc8f24c893c' before making global git config changes
2026-09-12T15:18:18.2618361Z Adding repository directory to the temporary git global config as a safe directory
2026-09-12T15:18:18.2624357Z [command]"C:\Program Files\Git\bin\git.exe" config --global --add safe.directory C:\fcp-ci-AQG7NCC\runner\_work\msh\msh
2026-09-12T15:18:18.3050018Z [command]"C:\Program Files\Git\bin\git.exe" config --local --name-only --get-regexp core\.sshCommand
2026-09-12T15:18:18.3466559Z [command]"C:\Program Files\Git\bin\git.exe" submodule foreach --recursive "sh -c \"git config --local --name-only --get-regexp 'core\.sshCommand' && git config --local --unset-all 'core.sshCommand' || :\""
2026-09-12T15:18:19.0494549Z [command]"C:\Program Files\Git\bin\git.exe" config --local --name-only --get-regexp http\.https\:\/\/github\.com\/\.extraheader
2026-09-12T15:18:19.0826778Z http.https://github.com/.extraheader
2026-09-12T15:18:19.0867917Z [command]"C:\Program Files\Git\bin\git.exe" config --local --unset-all http.https://github.com/.extraheader
2026-09-12T15:18:19.1230398Z [command]"C:\Program Files\Git\bin\git.exe" submodule foreach --recursive "sh -c \"git config --local --name-only --get-regexp 'http\.https\:\/\/github\.com\/\.extraheader' && git config --local --unset-all 'http.https://github.com/.extraheader' || :\""
2026-09-12T15:18:19.7802376Z [command]"C:\Program Files\Git\bin\git.exe" config --local --name-only --get-regexp ^includeIf\.gitdir:
2026-09-12T15:18:19.8136746Z [command]"C:\Program Files\Git\bin\git.exe" submodule foreach --recursive "git config --local --show-origin --name-only --get-regexp remote.origin.url"
2026-09-12T15:18:20.4803028Z Cleaning up orphan processes
2026-09-12T15:18:20.5010855Z ##[warning]Node.js 20 is deprecated. The following actions target Node.js 20 but are being forced to run on Node.js 24: actions/checkout@v4, actions/setup-go@v5. For more information see: https://github.blog/changelog/2025-09-19-deprecation-of-node-20-on-github-actions-runners/
