2026-09-12T13:22:57.8686236Z ##[group]Run go mod tidy
2026-09-12T13:22:57.8686483Z [36;1mgo mod tidy[0m
2026-09-12T13:22:57.8686650Z [36;1mgo test ./...[0m
2026-09-12T13:22:57.8686895Z [36;1mNew-Item -ItemType Directory -Force -Path ../../build[0m
2026-09-12T13:22:57.8687245Z [36;1mgo build -trimpath -o ../../build/fcp-peer-sidecar.exe .[0m
2026-09-12T13:22:57.8773702Z shell: C:\WINDOWS\System32\WindowsPowerShell\v1.0\powershell.EXE -NoLogo -NoProfile -NonInteractive -ExecutionPolicy Bypass -File {0}
2026-09-12T13:22:57.8774175Z env:
2026-09-12T13:22:57.8774320Z   TEMP: C:\fcp-qtmp
2026-09-12T13:22:57.8774477Z   TMP: C:\fcp-qtmp
2026-09-12T13:22:57.8774824Z   PSMODULEPATH: C:\Windows\System32\WindowsPowerShell\v1.0\Modules;C:\Program Files\WindowsPowerShell\Modules
2026-09-12T13:22:57.8775231Z ##[endgroup]
2026-09-12T13:22:58.2021649Z go: downloading github.com/libp2p/go-libp2p v0.49.0
2026-09-12T13:22:58.2049585Z go: downloading github.com/multiformats/go-multiaddr v0.16.1
2026-09-12T13:23:00.5681064Z go: downloading github.com/ipfs/go-cid v0.6.2
2026-09-12T13:23:00.5734664Z go: downloading github.com/multiformats/go-multibase v0.3.0
2026-09-12T13:23:00.5875132Z go: downloading github.com/multiformats/go-multihash v0.2.3
2026-09-12T13:23:00.6017659Z go: downloading github.com/multiformats/go-varint v0.1.0
2026-09-12T13:23:00.6361379Z go: downloading golang.org/x/exp v0.0.0-20260718201538-764159d718ef
2026-09-12T13:23:01.3186331Z go: downloading github.com/prometheus/client_golang v1.24.1
2026-09-12T13:23:01.3289067Z go: downloading golang.org/x/sync v0.22.0
2026-09-12T13:23:01.3404310Z go: downloading github.com/multiformats/go-multistream v0.6.1
2026-09-12T13:23:01.3643775Z go: downloading github.com/libp2p/go-buffer-pool v0.1.0
2026-09-12T13:23:01.3690316Z go: downloading github.com/libp2p/go-libp2p-asn-util v0.4.1
2026-09-12T13:23:01.3971852Z go: downloading go.uber.org/fx v1.24.0
2026-09-12T13:23:01.5144331Z go: downloading go.uber.org/mock v0.6.0
2026-09-12T13:23:01.6166855Z go: downloading golang.org/x/tools v0.48.0
2026-09-12T13:23:01.6832132Z go: downloading google.golang.org/protobuf v1.36.11
2026-09-12T13:23:01.9350885Z go: downloading github.com/libp2p/go-yamux/v5 v5.1.0
2026-09-12T13:23:01.9474751Z go: downloading github.com/pion/webrtc/v4 v4.1.2
2026-09-12T13:23:01.9532925Z go: downloading github.com/quic-go/quic-go v0.60.0
2026-09-12T13:23:01.9839184Z go: downloading github.com/quic-go/webtransport-go v0.11.1
2026-09-12T13:23:02.2847293Z go: downloading github.com/stretchr/testify v1.11.1
2026-09-12T13:23:02.3649399Z go: downloading go.uber.org/goleak v1.3.0
2026-09-12T13:23:02.6667897Z go: downloading github.com/mr-tron/base58 v1.3.0
2026-09-12T13:23:02.7871915Z go: downloading github.com/multiformats/go-multicodec v0.10.0
2026-09-12T13:23:04.5817261Z go: downloading github.com/multiformats/go-base32 v0.1.0
2026-09-12T13:23:06.9649885Z go: downloading github.com/multiformats/go-base36 v0.2.0
2026-09-12T13:23:17.5761825Z go: downloading github.com/decred/dcrd/dcrec/secp256k1/v4 v4.4.1
2026-09-12T13:23:18.6896128Z go: downloading golang.org/x/crypto v0.54.0
2026-09-12T13:23:18.7838842Z go: downloading github.com/libp2p/go-flow-metrics v0.3.0
2026-09-12T13:23:20.1947028Z go: downloading github.com/filecoin-project/go-clock v0.1.0
2026-09-12T13:23:20.2999580Z go: downloading github.com/benbjohnson/clock v1.3.5
2026-09-12T13:23:20.3288428Z go: downloading github.com/libp2p/go-msgio v0.3.0
2026-09-12T13:23:20.4095655Z go: downloading github.com/libp2p/go-libp2p-testing v0.12.0
2026-09-12T13:23:20.4111351Z go: downloading github.com/multiformats/go-multiaddr-fmt v0.1.0
2026-09-12T13:23:20.4660851Z go: downloading github.com/pbnjay/memory v0.0.0-20210728143218-7b4eea64cf58
2026-09-12T13:23:20.6288401Z go: downloading golang.org/x/sys v0.47.0
2026-09-12T13:23:20.8959828Z go: downloading github.com/prometheus/client_model v0.6.2
2026-09-12T13:23:20.8960939Z go: downloading github.com/multiformats/go-multiaddr-dns v0.6.0
2026-09-12T13:23:21.1059488Z go: downloading github.com/jbenet/go-temp-err-catcher v0.1.0
2026-09-12T13:23:21.5398117Z go: downloading github.com/marcopolo/simnet v0.0.7
2026-09-12T13:23:22.2910140Z go: downloading github.com/flynn/noise v1.1.0
2026-09-12T13:23:22.3529625Z go: downloading github.com/libp2p/go-netroute v0.4.0
2026-09-12T13:23:22.3580514Z go: downloading golang.org/x/time v0.15.0
2026-09-12T13:23:22.3585380Z go: downloading github.com/marten-seemann/tcp v0.0.0-20210406111302-dfbc87cc63fd
2026-09-12T13:23:22.6066801Z go: downloading github.com/mikioh/tcpinfo v0.0.0-20190314235526-30a79bb1804b
2026-09-12T13:23:22.7436469Z go: downloading filippo.io/keygen v1.0.0
2026-09-12T13:23:22.8895388Z go: downloading github.com/pion/datachannel v1.5.10
2026-09-12T13:23:22.9091734Z go: downloading github.com/pion/logging v0.2.4
2026-09-12T13:23:23.3244591Z go: downloading github.com/pion/sctp v1.8.39
2026-09-12T13:23:23.4485661Z go: downloading github.com/gorilla/websocket v1.5.3
2026-09-12T13:23:23.4491417Z go: downloading golang.org/x/net v0.57.0
2026-09-12T13:23:25.9165232Z go: downloading github.com/dunglas/httpsfv v1.1.0
2026-09-12T13:23:25.9504616Z go: downloading go.uber.org/dig v1.19.0
2026-09-12T13:23:25.9688794Z go: downloading go.uber.org/multierr v1.11.0
2026-09-12T13:23:25.9690592Z go: downloading go.uber.org/zap v1.28.0
2026-09-12T13:23:26.0183425Z go: downloading github.com/davecgh/go-spew v1.1.1
2026-09-12T13:23:26.0422684Z go: downloading github.com/pmezard/go-difflib v1.0.0
2026-09-12T13:23:26.1225273Z go: downloading github.com/beorn7/perks v1.0.1
2026-09-12T13:23:26.1411668Z go: downloading github.com/cespare/xxhash/v2 v2.3.0
2026-09-12T13:21:37.3736183Z go version go1.25.7 windows/amd64
2026-09-12T13:22:57.8687245Z [36;1mgo build -trimpath -o ../../build/fcp-peer-sidecar.exe .[0m
2026-09-12T13:23:48.2544047Z ok  	github.com/Nettking/msh/cmd/fcp-peer-sidecar	0.191s
2026-09-12T13:23:49.1287639Z error obtaining VCS status: exit status 128
2026-09-12T13:23:49.1288115Z 	Use -buildvcs=false to disable VCS stamping.
